
> react-example@0.0.0 test
> vitest run


[1m[30m[46m RUN [49m[39m[22m [36mv4.1.7 [39m[90m/app[39m

 [32m✓[39m src/components/ui/Input.test.tsx [2m([22m[2m1 test[22m[2m)[22m[32m 67[2mms[22m[39m
 [32m✓[39m src/components/ui/Button.test.tsx [2m([22m[2m1 test[22m[2m)[22m[32m 193[2mms[22m[39m

[2m Test Files [22m [1m[32m2 passed[39m[22m[90m (2)[39m
[2m      Tests [22m [1m[32m2 passed[39m[22m[90m (2)[39m
[2m   Start at [22m 18:59:30
[2m   Duration [22m 1.67s[2m (transform 143ms, setup 213ms, import 300ms, tests 259ms, environment 2.10s)[22m
